// Jest Snapshot v1, https://goo.gl/fbAQLP

exports[`against the real templates classifies every control template exactly as recorded 1`] = `
{
  "00-secrets.yaml": "needs 45",
  "01-namespace.yaml": "no values needed",
  "01b-platform-priority.yaml": "no values needed",
  "02-postgres.yaml": "no values needed",
  "03-redis.yaml": "no values needed",
  "04-prometheus-config.yaml": "needs 6",
  "04-vmagent-config.yaml": "needs 3",
  "04a-kube-state-metrics.yaml": "no values needed",
  "04b-vmagent.yaml": "needs 1",
  "04c-vmalert.yaml": "no values needed",
  "04d-alertmanager.yaml": "needs 1",
  "05-prometheus.yaml": "no values needed",
  "05-vmsingle.yaml": "no values needed",
  "06-loki.yaml": "needs 2",
  "07-grafana-datasources.yaml": "no values needed",
  "08-grafana.yaml": "needs 1",
  "09-flui-api.yaml": "needs 2",
  "10-flui-web.yaml": "needs 2",
  "11-zitadel.yaml": "needs 6",
  "12-flui-web-config.yaml": "needs 5",
  "13-system-tls-cert.yaml": "needs 3",
}
`;
